<!DOCTYPE html>
<html>
<head>
	<meta charset="UTF-8">
	<title>Golden</title>
	<link rel="stylesheet" href="normalize.css" type="text/css">
	<link rel="stylesheet" href="style.css" type="text/css">
</head>
<body>
	<div id="wrapper">
		<div id="header">
			<div id="container" class="clearfix">
				<div class="logo">
					<a href="#">
						<img src="img/Logo-Treehouse.png" alt="logo">
					</a>
				</div>
				<ul class="nav">
					<li><a href="#">Home</a></li>
					<li><a href="#">Services</a></li>
					<li><a href="#">Portfolio</a></li>
					<li><a href="#">About</a></li>
					<li><a href="#">Contact</a></li>
				</ul>
			</div>
		</div>

		<div id="home">
			<div class="container">
				<h3>Welcome To Our Studio!</h3>
				<h1>Itâ€™s nice to Meet you</h1>
				<button class="btn">Tell Me More</button>
			</div>
		</div>

		<div id="services" class="box">
			<div class="container">
				<h2 class="title">Services</h2>
				<p class="descr">Proin iaculis purus consequat sem cure.</p>

				<div class="services-wrap clearfix">
					<div class="services-item commerce">
						<h5 class="title">E-Commerce</h5>
						<p>Proin iaculis purus consequat sem cure 
							digni ssim. Donec porttitora entum suscipit
						</p>
					</div>
					<div class="services-item responsive">
						<h5 class="title">Responsive Web</h5>
						<p>Proin iaculis purus consequat sem cure 
							digni ssim. Donec porttitora entum suscipit
						</p>
					</div>
					<div class="services-item security">
						<h5 class="title">Web Security</h5>
						<p>Proin iaculis purus consequat sem cure 
							digni ssim. Donec porttitora entum suscipit
						</p>
					</div>
				</div>
			</div>
		</div>

		<div id="portfolio" class="box">
			<div class="container">
				<h2 class="title">Our portfolio</h2>
				<p class="descr">Proin iaculis purus consequat sem cure.</p>
				
				<div class="portfolio-wrap clearfix">
					<div class="portfolio-item">
						<a href=""><img src="img/p-item1.jpg" alt="Ebony & Ivory"></a>
						<div class="p-item-footer">
							<h5 class="title">Ebony & Ivory</h5>
							<span>Branding</span>
						</div>
					</div>
					<div class="portfolio-item">
						<a href=""><img src="img/p-item2.jpg" alt="Ebony & Ivory"></a>
						<div class="p-item-footer">
							<h5 class="title">Smart Stationary</h5>
							<span>Pvrint Design</span>
						</div>
					</div>
					<div class="portfolio-item">
						<a href=""><img src="img/p-item3.jpg" alt="Ebony & Ivory"></a>
						<div class="p-item-footer">
							<h5 class="title">Clever Poster</h5>
							<span>Print Design</span>
						</div>
					</div>
					<div class="portfolio-item">
						<a href=""><img src="img/p-item4.jpg" alt="Ebony & Ivory"></a>
						<div class="p-item-footer">
							<h5 class="title">Vinyl Record</h5>
							<span>Product Mock-Up</span>
						</div>
					</div>
					<div class="portfolio-item">
						<a href=""><img src="img/p-item5.jpg" alt="Ebony & Ivory"></a>
						<div class="p-item-footer">
							<h5 class="title">Treehouse Template</h5>
							<span>Web Design</span>
						</div>
					</div>
					<div class="portfolio-item">
						<a href=""><img src="img/p-item6.jpg" alt="Ebony & Ivory"></a>
						<div class="p-item-footer">
							<h5 class="title">Burned Logo</h5>
							<span>Branding</span>
						</div>
					</div>
				</div>
			</div>
		</div>

		<div id="about" name="about" class="box">
			<div class="container">
				<h2 class="title">About us</h2>
				<p class="descr">Proin iaculis purus consequat sem cure.</p>
				<div class="about-wrap">
					<div class="about-item clearfix">
						<div class="about-text left text-right">
							<h5 class="title"><span>July 2010</span><br />Our Humble Beginnings</h5>
							<p>Proin iaculis purus consequat sem cure 
								digni ssim. Donec porttitora entum suscipit 
								aenean rhoncus posuere odio in tincidunt. Proin 
								iaculis purus consequat sem cure digni 
								ssim. Donec porttitora entum suscipit.
							</p>
						</div>
						<div class="about-img left">
							<img src="img/Image.png" />
						</div>
					</div>

					<div class="about-item clearfix">
						<div class="about-text right text-left">
							<h5 class="title"><span>January 2011</span><br />Facing Startup Battles</h5>
							<p>Proin iaculis purus consequat sem cure 
								digni ssim. Donec porttitora entum suscipit 
								aenean rhoncus posuere odio in tincidunt. Proin 
								iaculis purus consequat sem cure digni 
								ssim. Donec porttitora entum suscipit aenean 
								rhoncus posuere odio in tincidunt.
							</p>
						</div>
						<div class="about-img right">
							<img src="img/Image1.png" />
						</div>
					</div>

					<div class="about-item clearfix">
						<div class="about-text left text-right">
							<h5 class="title"><span>December 2012</span><br />Enter The Dark Days</h5>
							<p>Proin iaculis purus consequat sem cure 
								digni ssim. Donec porttitora entum suscipit 
								aenean rhoncus posuere odio in tincidunt. Proin 
								iaculis purus consequat sem cure digni.
							</p>
						</div>
						<div class="about-img left">
							<img src="img/Image2.png" />
						</div>
					</div>

					<div class="about-item clearfix">
						<div class="about-text right text-left">
							<h5 class="title"><span>february 2014</span><br />Our Triumph</h5>
							<p>Proin iaculis purus consequat sem cure 
								digni ssim. Donec porttitora entum suscipit 
								aenean rhoncus posuere odio in tincidunt. Proin 
								iaculis purus consequat sem cure digni 
								ssim. Donec porttitora entum suscipit.
							</p>
						</div>
						<div class="about-img right">
							<img src="img/Image3.png" />
						</div>
					</div>
					
					<a href="#" class="about-link">Our<br />Story<br />Continues<br>...</a>
					

					
				</div>
			</div>
		</div>
		<div id="team" class="box">
			<div class="container">
				<h2 class="title">our amazing team</h2>
				<p class="descr">Proin iaculis purus consequat sem cure.</p>
				<div class="team-wrap clearfix">
					<div class="team-item">
						<img src="img/team.png" width="220" height="220" />
						<h5 class="title">Kimberly Thompson</h5>
						<p class="cat">Marketer</p>
						<div class="social">
							<a href="#" class="ic-tw">&nbsp;</a>
							<a href="#" class="ic-fb">&nbsp;</a>
							<a href="#" class="ic-pn">&nbsp;</a>
						</div>
					</div>

					<div class="team-item">
						<img src="img/team.png" width="220" height="220" />
						<h5 class="title">Kimberly Thompson</h5>
						<p class="cat">Marketer</p>
						<div class="social">
							<a href="#" class="ic-tw">&nbsp;</a>
							<a href="#" class="ic-fb">&nbsp;</a>
							<a href="#" class="ic-gl">&nbsp;</a>
						</div>
					</div>

					<div class="team-item">
						<img src="img/team.png" width="220" height="220" />
						<h5 class="title">Kimberly Thompson</h5>
						<p class="cat">Marketer</p>
						<div class="social">
							<a href="#" class="ic-fb">&nbsp;</a>
							<a href="#" class="ic-pn">&nbsp;</a>
						</div>
					</div>
				</div>
				<p class="descr team-info">Proin iaculis purus consequat sem cure  digni ssim donec porttitora entum suscipit<br />aenean rhoncus posuere odio in tincidunt proin iaculis.
				</p>
			</div>
		</div>
		<div id="brand">
			<div class="container">
				<a href="#"><img src="img/envato.jpg" width="161" height="30"></a>
				<a href="#"><img src="img/wordpress.png" width="186" height="42"></a>
				<a href="#"><img src="img/tuts.jpg" width="131" height="41"></a>
				<a href="#"><img src="img/microlancer%20copy.jpg" width="167" height="42"></a>
			</div>
		</div>
		<div id="contact" class="box">
			<div class="container">
				<h2 class="title">Contact us</h2>
				<p class="descr">Proin iaculis purus consequat sem cure.</p>
				<form action="#" id="messege">
					<div class="clearfix">
						<div class="left">
							<input type="text" placeholder="your Name *" />
							<input type="text" placeholder="your e-mail *" />
							<input type="text" placeholder="subject" />
						</div>
						<div class="right">
							<textarea placeholder="Your message *" cols="0" rows="0"></textarea>
						</div>
					</div>
					<input type="submit" value="Send Message" class="btn">
				</form>
			</div>
		</div>
		<div id="copyright">
			<div class="container clearfix">
				<p class="left">&copy; Copyright 2014 FreebiesXpress.com</p>
				<div class="social">
							<a href="#" class="ic-tw black">&nbsp;</a>
							<a href="#" class="ic-fb black">&nbsp;</a>
							<a href="#" class="ic-pn black">&nbsp;</a>
							<a href="#" class="ic-gl black">&nbsp;</a>
				</div>
			</div>
		</div>
	</div>
</body>
</html>